// Jest Snapshot v1, https://goo.gl/fbAQLP

exports[`Snapshot PageNav 1`] = `
<div
  className="sc-bwzfXH cIAcVL"
>
  <p
    className="sc-bdVaJa kAQpGb"
  >
    Ifuture
  </p>
</div>
`;
