// Jest Snapshot v1, https://goo.gl/fbAQLP

exports[`Snapshot NavMenu 1`] = `
<div>
  <div
    className="sc-bdVaJa fsmojC"
  >
    <span
      className="sc-bwzfXH blytJS"
    >
      Burger
    </span>
    <span
      className="sc-bwzfXH blytJS"
    >
      Asi치tica
    </span>
    <span
      className="sc-bwzfXH blytJS"
    >
      Massas
    </span>
    <span
      className="sc-bwzfXH blytJS"
    >
      Saud치veis
    </span>
    <span
      className="sc-bwzfXH blytJS"
    >
      Burger
    </span>
    <span
      className="sc-bwzfXH blytJS"
    >
      Asi치tica
    </span>
    <span
      className="sc-bwzfXH blytJS"
    >
      Massas
    </span>
    <span
      className="sc-bwzfXH blytJS"
    >
      Saud치veis
    </span>
  </div>
</div>
`;
