// Jest Snapshot v1, https://goo.gl/fbAQLP

exports[`Test Home Snapshot Home 1`] = `
<div
  className="sc-kGXeez dOkNpw"
>
  <div
    className="sc-kpOJdX gOEmaK"
  >
    <img
      className="sc-dxgOiQ hLmPai"
      src="logo-branco.svg"
    />
  </div>
</div>
`;
